.venv/bin/python -m gepase optimizer r4-init --run-dir artifacts/runs/r4-slack-gif-creator-evolution --config configs/canaries/slack-gif-creator-r4.json
.venv/bin/python -m gepase optimizer r4-ingest-proposal ...
.venv/bin/python -m gepase optimizer r4-apply-proposals ...
.venv/bin/python -m gepase optimizer r4-plan-candidate ... --split train
.venv/bin/python -m gepase eval submit-work ...
.venv/bin/python -m gepase eval prepare-graders ...
.venv/bin/python -m gepase eval submit-grade ...
.venv/bin/python -m gepase eval finalize-functional ...
.venv/bin/python -m gepase eval verify-functional ...
.venv/bin/python -m gepase optimizer r4-admit-train ...
.venv/bin/python -m gepase optimizer r4-prepare-reflection ...
.venv/bin/python -m gepase optimizer r4-ingest-reflection ...
.venv/bin/python -m gepase optimizer r4-prepare-recovery ...
.venv/bin/python -m gepase optimizer r4-apply-recovery ...
.venv/bin/python -m gepase optimizer r4-gepa-snapshot ...
.venv/bin/python -m gepase optimizer r4-build-merge ...
.venv/bin/python -m gepase optimizer r4-plan-candidate ... --split validation
.venv/bin/python -m gepase eval prepare-comparison ...
.venv/bin/python -m gepase eval submit-comparison ...
.venv/bin/python -m gepase eval reconcile-comparison ...
.venv/bin/python -m gepase optimizer r4-finalize-validation ...
.venv/bin/python -m gepase optimizer r4-complete ...
.venv/bin/python scripts/run_r4_gates.py ...
.venv/bin/ruff check .
.venv/bin/pyright --pythonpath .venv/bin/python
.venv/bin/pytest -q --junitxml=artifacts/stages/R4/test-results.xml
.venv/bin/python scripts/check_secrets.py --root . --format json
.venv/bin/python scripts/check_markdown_links.py
.venv/bin/python -m gepase optimizer r4-seal ...
